mode: set
github.com/oopbest/ecommerce-app/internal/middleware/auth.go:17.79,18.54 1 0
github.com/oopbest/ecommerce-app/internal/middleware/auth.go:18.54,19.55 1 0
github.com/oopbest/ecommerce-app/internal/middleware/auth.go:19.55,21.24 2 0
github.com/oopbest/ecommerce-app/internal/middleware/auth.go:21.24,24.5 2 0
github.com/oopbest/ecommerce-app/internal/middleware/auth.go:27.4,28.47 2 0
github.com/oopbest/ecommerce-app/internal/middleware/auth.go:28.47,31.5 2 0
github.com/oopbest/ecommerce-app/internal/middleware/auth.go:33.4,35.18 3 0
github.com/oopbest/ecommerce-app/internal/middleware/auth.go:35.18,38.5 2 0
github.com/oopbest/ecommerce-app/internal/middleware/auth.go:41.4,42.31 2 0
github.com/oopbest/ecommerce-app/internal/middleware/auth.go:48.79,49.54 1 0
github.com/oopbest/ecommerce-app/internal/middleware/auth.go:49.54,51.27 2 0
github.com/oopbest/ecommerce-app/internal/middleware/auth.go:51.27,54.4 2 0
github.com/oopbest/ecommerce-app/internal/middleware/auth.go:56.3,56.34 1 0
github.com/oopbest/ecommerce-app/internal/middleware/auth.go:56.34,59.4 2 0
github.com/oopbest/ecommerce-app/internal/middleware/auth.go:61.3,61.13 1 0
github.com/oopbest/ecommerce-app/internal/middleware/auth.go:66.68,69.2 2 0
github.com/oopbest/ecommerce-app/internal/middleware/auth.go:71.67,75.2 3 0
github.com/oopbest/ecommerce-app/internal/middleware/logger.go:15.49,18.2 2 0
github.com/oopbest/ecommerce-app/internal/middleware/logger.go:21.52,22.71 1 0
github.com/oopbest/ecommerce-app/internal/middleware/logger.go:22.71,45.3 5 0
github.com/oopbest/ecommerce-app/internal/middleware/recovery.go:10.47,11.71 1 0
github.com/oopbest/ecommerce-app/internal/middleware/recovery.go:11.71,12.16 1 0
github.com/oopbest/ecommerce-app/internal/middleware/recovery.go:12.16,13.36 1 0
github.com/oopbest/ecommerce-app/internal/middleware/recovery.go:13.36,22.5 2 0
github.com/oopbest/ecommerce-app/internal/middleware/recovery.go:25.3,25.23 1 0
github.com/oopbest/ecommerce-app/internal/database/postgres.go:24.49,32.16 3 0
github.com/oopbest/ecommerce-app/internal/database/postgres.go:32.16,34.3 1 0
github.com/oopbest/ecommerce-app/internal/database/postgres.go:37.2,45.44 6 0
github.com/oopbest/ecommerce-app/internal/database/postgres.go:45.44,47.3 1 0
github.com/oopbest/ecommerce-app/internal/database/postgres.go:49.2,50.16 2 0
github.com/oopbest/ecommerce-app/internal/database/redis.go:13.67,29.44 4 0
github.com/oopbest/ecommerce-app/internal/database/redis.go:29.44,31.3 1 0
github.com/oopbest/ecommerce-app/internal/database/redis.go:33.2,34.17 2 0
github.com/oopbest/ecommerce-app/internal/config/config.go:26.21,27.40 1 0
github.com/oopbest/ecommerce-app/internal/config/config.go:27.40,29.3 1 0
github.com/oopbest/ecommerce-app/internal/config/config.go:31.2,43.3 1 0
github.com/oopbest/ecommerce-app/internal/config/config.go:47.46,48.63 1 0
github.com/oopbest/ecommerce-app/internal/config/config.go:48.63,50.3 1 0
github.com/oopbest/ecommerce-app/internal/config/config.go:51.2,51.21 1 0
github.com/oopbest/ecommerce-app/internal/order/handler.go:18.55,22.2 1 0
github.com/oopbest/ecommerce-app/internal/order/handler.go:25.100,29.2 3 0
github.com/oopbest/ecommerce-app/internal/order/handler.go:32.74,35.9 2 0
github.com/oopbest/ecommerce-app/internal/order/handler.go:35.9,38.3 2 0
github.com/oopbest/ecommerce-app/internal/order/handler.go:41.2,42.63 2 0
github.com/oopbest/ecommerce-app/internal/order/handler.go:42.63,45.3 2 0
github.com/oopbest/ecommerce-app/internal/order/handler.go:48.2,49.16 2 0
github.com/oopbest/ecommerce-app/internal/order/handler.go:49.16,50.134 1 0
github.com/oopbest/ecommerce-app/internal/order/handler.go:50.134,53.4 2 0
github.com/oopbest/ecommerce-app/internal/order/handler.go:54.3,55.9 2 0
github.com/oopbest/ecommerce-app/internal/order/handler.go:58.2,58.42 1 0
github.com/oopbest/ecommerce-app/internal/order/handler.go:62.75,64.9 2 0
github.com/oopbest/ecommerce-app/internal/order/handler.go:64.9,67.3 2 0
github.com/oopbest/ecommerce-app/internal/order/handler.go:69.2,73.28 3 0
github.com/oopbest/ecommerce-app/internal/order/handler.go:73.28,75.3 1 0
github.com/oopbest/ecommerce-app/internal/order/handler.go:75.8,77.3 1 0
github.com/oopbest/ecommerce-app/internal/order/handler.go:79.2,79.16 1 0
github.com/oopbest/ecommerce-app/internal/order/handler.go:79.16,82.3 2 0
github.com/oopbest/ecommerce-app/internal/order/handler.go:84.2,84.19 1 0
github.com/oopbest/ecommerce-app/internal/order/handler.go:84.19,86.3 1 0
github.com/oopbest/ecommerce-app/internal/order/handler.go:88.2,88.38 1 0
github.com/oopbest/ecommerce-app/internal/order/handler.go:92.78,94.9 2 0
github.com/oopbest/ecommerce-app/internal/order/handler.go:94.9,97.3 2 0
github.com/oopbest/ecommerce-app/internal/order/handler.go:99.2,100.16 2 0
github.com/oopbest/ecommerce-app/internal/order/handler.go:100.16,103.3 2 0
github.com/oopbest/ecommerce-app/internal/order/handler.go:105.2,106.16 2 0
github.com/oopbest/ecommerce-app/internal/order/handler.go:106.16,107.46 1 0
github.com/oopbest/ecommerce-app/internal/order/handler.go:107.46,110.4 2 0
github.com/oopbest/ecommerce-app/internal/order/handler.go:111.3,112.9 2 0
github.com/oopbest/ecommerce-app/internal/order/handler.go:115.2,115.37 1 0
github.com/oopbest/ecommerce-app/internal/order/handler.go:122.73,126.2 3 0
github.com/oopbest/ecommerce-app/internal/order/handler.go:128.80,130.2 1 0
github.com/oopbest/ecommerce-app/internal/order/repository.go:17.55,21.2 1 0
github.com/oopbest/ecommerce-app/internal/order/repository.go:24.124,27.16 2 0
github.com/oopbest/ecommerce-app/internal/order/repository.go:27.16,29.3 1 0
github.com/oopbest/ecommerce-app/internal/order/repository.go:30.2,36.29 4 0
github.com/oopbest/ecommerce-app/internal/order/repository.go:36.29,51.17 4 0
github.com/oopbest/ecommerce-app/internal/order/repository.go:51.17,52.37 1 0
github.com/oopbest/ecommerce-app/internal/order/repository.go:52.37,54.5 1 0
github.com/oopbest/ecommerce-app/internal/order/repository.go:55.4,55.80 1 0
github.com/oopbest/ecommerce-app/internal/order/repository.go:59.3,59.35 1 0
github.com/oopbest/ecommerce-app/internal/order/repository.go:59.35,62.4 1 0
github.com/oopbest/ecommerce-app/internal/order/repository.go:65.3,66.92 2 0
github.com/oopbest/ecommerce-app/internal/order/repository.go:66.92,68.4 1 0
github.com/oopbest/ecommerce-app/internal/order/repository.go:70.3,78.5 3 0
github.com/oopbest/ecommerce-app/internal/order/repository.go:82.2,94.16 6 0
github.com/oopbest/ecommerce-app/internal/order/repository.go:94.16,96.3 1 0
github.com/oopbest/ecommerce-app/internal/order/repository.go:99.2,104.28 2 0
github.com/oopbest/ecommerce-app/internal/order/repository.go:104.28,113.17 3 0
github.com/oopbest/ecommerce-app/internal/order/repository.go:113.17,115.4 1 0
github.com/oopbest/ecommerce-app/internal/order/repository.go:119.2,119.36 1 0
github.com/oopbest/ecommerce-app/internal/order/repository.go:119.36,121.3 1 0
github.com/oopbest/ecommerce-app/internal/order/repository.go:123.2,124.23 2 0
github.com/oopbest/ecommerce-app/internal/order/repository.go:128.101,138.16 4 0
github.com/oopbest/ecommerce-app/internal/order/repository.go:138.16,139.36 1 0
github.com/oopbest/ecommerce-app/internal/order/repository.go:139.36,141.4 1 0
github.com/oopbest/ecommerce-app/internal/order/repository.go:142.3,142.18 1 0
github.com/oopbest/ecommerce-app/internal/order/repository.go:146.2,154.16 3 0
github.com/oopbest/ecommerce-app/internal/order/repository.go:154.16,156.3 1 0
github.com/oopbest/ecommerce-app/internal/order/repository.go:157.2,159.18 2 0
github.com/oopbest/ecommerce-app/internal/order/repository.go:159.18,161.142 2 0
github.com/oopbest/ecommerce-app/internal/order/repository.go:161.142,163.4 1 0
github.com/oopbest/ecommerce-app/internal/order/repository.go:164.3,164.34 1 0
github.com/oopbest/ecommerce-app/internal/order/repository.go:167.2,167.16 1 0
github.com/oopbest/ecommerce-app/internal/order/repository.go:171.98,179.16 3 0
github.com/oopbest/ecommerce-app/internal/order/repository.go:179.16,181.3 1 0
github.com/oopbest/ecommerce-app/internal/order/repository.go:182.2,185.18 3 0
github.com/oopbest/ecommerce-app/internal/order/repository.go:185.18,187.94 2 0
github.com/oopbest/ecommerce-app/internal/order/repository.go:187.94,189.4 1 0
github.com/oopbest/ecommerce-app/internal/order/repository.go:190.3,190.29 1 0
github.com/oopbest/ecommerce-app/internal/order/repository.go:192.2,192.20 1 0
github.com/oopbest/ecommerce-app/internal/order/repository.go:196.81,203.16 3 0
github.com/oopbest/ecommerce-app/internal/order/repository.go:203.16,205.3 1 0
github.com/oopbest/ecommerce-app/internal/order/repository.go:206.2,209.18 3 0
github.com/oopbest/ecommerce-app/internal/order/repository.go:209.18,211.94 2 0
github.com/oopbest/ecommerce-app/internal/order/repository.go:211.94,213.4 1 0
github.com/oopbest/ecommerce-app/internal/order/repository.go:214.3,214.29 1 0
github.com/oopbest/ecommerce-app/internal/order/repository.go:216.2,216.20 1 0
github.com/oopbest/ecommerce-app/internal/order/service.go:15.66,19.2 1 0
github.com/oopbest/ecommerce-app/internal/order/service.go:22.112,23.17 1 0
github.com/oopbest/ecommerce-app/internal/order/service.go:23.17,25.3 1 0
github.com/oopbest/ecommerce-app/internal/order/service.go:28.2,28.27 1 0
github.com/oopbest/ecommerce-app/internal/order/service.go:28.27,30.3 1 0
github.com/oopbest/ecommerce-app/internal/order/service.go:33.2,33.35 1 0
github.com/oopbest/ecommerce-app/internal/order/service.go:33.35,34.26 1 0
github.com/oopbest/ecommerce-app/internal/order/service.go:34.26,36.4 1 0
github.com/oopbest/ecommerce-app/internal/order/service.go:37.3,37.25 1 0
github.com/oopbest/ecommerce-app/internal/order/service.go:37.25,39.4 1 0
github.com/oopbest/ecommerce-app/internal/order/service.go:43.2,43.53 1 0
github.com/oopbest/ecommerce-app/internal/order/service.go:47.114,48.18 1 0
github.com/oopbest/ecommerce-app/internal/order/service.go:48.18,50.3 1 0
github.com/oopbest/ecommerce-app/internal/order/service.go:53.2,54.25 2 0
github.com/oopbest/ecommerce-app/internal/order/service.go:54.25,56.3 1 0
github.com/oopbest/ecommerce-app/internal/order/service.go:58.2,58.56 1 0
github.com/oopbest/ecommerce-app/internal/order/service.go:62.90,63.17 1 0
github.com/oopbest/ecommerce-app/internal/order/service.go:63.17,65.3 1 0
github.com/oopbest/ecommerce-app/internal/order/service.go:66.2,66.47 1 0
github.com/oopbest/ecommerce-app/internal/order/service.go:70.77,72.2 1 0
github.com/oopbest/ecommerce-app/cmd/api/main.go:22.13,32.32 3 0
github.com/oopbest/ecommerce-app/cmd/api/main.go:32.32,34.3 1 0
github.com/oopbest/ecommerce-app/cmd/api/main.go:34.8,37.3 1 0
github.com/oopbest/ecommerce-app/cmd/api/main.go:38.2,53.16 4 0
github.com/oopbest/ecommerce-app/cmd/api/main.go:53.16,56.3 2 0
github.com/oopbest/ecommerce-app/cmd/api/main.go:57.2,57.15 1 0
github.com/oopbest/ecommerce-app/cmd/api/main.go:57.15,60.3 2 0
github.com/oopbest/ecommerce-app/cmd/api/main.go:65.2,66.16 2 0
github.com/oopbest/ecommerce-app/cmd/api/main.go:66.16,69.3 2 0
github.com/oopbest/ecommerce-app/cmd/api/main.go:70.2,70.15 1 0
github.com/oopbest/ecommerce-app/cmd/api/main.go:70.15,73.3 2 0
github.com/oopbest/ecommerce-app/cmd/api/main.go:79.2,107.77 16 0
github.com/oopbest/ecommerce-app/cmd/api/main.go:107.77,116.3 3 0
github.com/oopbest/ecommerce-app/cmd/api/main.go:119.2,135.12 3 0
github.com/oopbest/ecommerce-app/cmd/api/main.go:135.12,137.90 2 0
github.com/oopbest/ecommerce-app/cmd/api/main.go:137.90,140.4 2 0
github.com/oopbest/ecommerce-app/cmd/api/main.go:146.2,155.53 7 0
github.com/oopbest/ecommerce-app/cmd/api/main.go:155.53,157.3 1 0
github.com/oopbest/ecommerce-app/cmd/api/main.go:159.2,159.43 1 0
github.com/oopbest/ecommerce-app/internal/user/handler.go:16.54,20.2 1 0
github.com/oopbest/ecommerce-app/internal/user/handler.go:23.54,26.2 2 0
github.com/oopbest/ecommerce-app/internal/user/handler.go:29.74,31.63 2 0
github.com/oopbest/ecommerce-app/internal/user/handler.go:31.63,34.3 2 0
github.com/oopbest/ecommerce-app/internal/user/handler.go:36.2,37.16 2 0
github.com/oopbest/ecommerce-app/internal/user/handler.go:37.16,38.50 1 0
github.com/oopbest/ecommerce-app/internal/user/handler.go:38.50,41.4 2 0
github.com/oopbest/ecommerce-app/internal/user/handler.go:42.3,43.9 2 0
github.com/oopbest/ecommerce-app/internal/user/handler.go:46.2,46.40 1 0
github.com/oopbest/ecommerce-app/internal/user/handler.go:50.71,52.63 2 0
github.com/oopbest/ecommerce-app/internal/user/handler.go:52.63,55.3 2 0
github.com/oopbest/ecommerce-app/internal/user/handler.go:57.2,58.16 2 0
github.com/oopbest/ecommerce-app/internal/user/handler.go:58.16,59.51 1 0
github.com/oopbest/ecommerce-app/internal/user/handler.go:59.51,62.4 2 0
github.com/oopbest/ecommerce-app/internal/user/handler.go:63.3,64.9 2 0
github.com/oopbest/ecommerce-app/internal/user/handler.go:67.2,67.35 1 0
github.com/oopbest/ecommerce-app/internal/user/handler.go:74.73,78.2 3 0
github.com/oopbest/ecommerce-app/internal/user/handler.go:80.80,82.2 1 0
github.com/oopbest/ecommerce-app/internal/user/repository.go:18.54,22.2 1 0
github.com/oopbest/ecommerce-app/internal/user/repository.go:25.67,37.16 5 0
github.com/oopbest/ecommerce-app/internal/user/repository.go:37.16,40.54 2 0
github.com/oopbest/ecommerce-app/internal/user/repository.go:40.54,42.4 1 0
github.com/oopbest/ecommerce-app/internal/user/repository.go:43.3,43.18 1 0
github.com/oopbest/ecommerce-app/internal/user/repository.go:46.2,46.15 1 0
github.com/oopbest/ecommerce-app/internal/user/repository.go:50.70,63.16 6 0
github.com/oopbest/ecommerce-app/internal/user/repository.go:63.16,64.36 1 0
github.com/oopbest/ecommerce-app/internal/user/repository.go:64.36,66.4 1 0
github.com/oopbest/ecommerce-app/internal/user/repository.go:67.3,67.18 1 0
github.com/oopbest/ecommerce-app/internal/user/repository.go:70.2,70.16 1 0
github.com/oopbest/ecommerce-app/internal/user/repository.go:74.61,87.16 6 0
github.com/oopbest/ecommerce-app/internal/user/repository.go:87.16,88.36 1 0
github.com/oopbest/ecommerce-app/internal/user/repository.go:88.36,90.4 1 0
github.com/oopbest/ecommerce-app/internal/user/repository.go:91.3,91.18 1 0
github.com/oopbest/ecommerce-app/internal/user/repository.go:94.2,94.16 1 0
github.com/oopbest/ecommerce-app/internal/user/service.go:18.82,23.2 1 0
github.com/oopbest/ecommerce-app/internal/user/service.go:26.86,29.62 2 0
github.com/oopbest/ecommerce-app/internal/user/service.go:29.62,31.3 1 0
github.com/oopbest/ecommerce-app/internal/user/service.go:32.2,32.29 1 0
github.com/oopbest/ecommerce-app/internal/user/service.go:32.29,34.3 1 0
github.com/oopbest/ecommerce-app/internal/user/service.go:37.2,38.21 2 0
github.com/oopbest/ecommerce-app/internal/user/service.go:38.21,40.3 1 0
github.com/oopbest/ecommerce-app/internal/user/service.go:43.2,44.16 2 0
github.com/oopbest/ecommerce-app/internal/user/service.go:44.16,46.3 1 0
github.com/oopbest/ecommerce-app/internal/user/service.go:49.2,56.16 3 0
github.com/oopbest/ecommerce-app/internal/user/service.go:56.16,58.3 1 0
github.com/oopbest/ecommerce-app/internal/user/service.go:61.2,62.16 2 0
github.com/oopbest/ecommerce-app/internal/user/service.go:62.16,64.3 1 0
github.com/oopbest/ecommerce-app/internal/user/service.go:66.2,69.8 1 0
github.com/oopbest/ecommerce-app/internal/user/service.go:73.80,76.47 2 0
github.com/oopbest/ecommerce-app/internal/user/service.go:76.47,78.3 1 0
github.com/oopbest/ecommerce-app/internal/user/service.go:81.2,82.16 2 0
github.com/oopbest/ecommerce-app/internal/user/service.go:82.16,84.3 1 0
github.com/oopbest/ecommerce-app/internal/user/service.go:87.2,87.65 1 0
github.com/oopbest/ecommerce-app/internal/user/service.go:87.65,89.3 1 0
github.com/oopbest/ecommerce-app/internal/user/service.go:92.2,93.16 2 0
github.com/oopbest/ecommerce-app/internal/user/service.go:93.16,95.3 1 0
github.com/oopbest/ecommerce-app/internal/user/service.go:97.2,100.8 1 0
github.com/oopbest/ecommerce-app/internal/user/service.go:104.64,105.17 1 0
github.com/oopbest/ecommerce-app/internal/user/service.go:105.17,107.3 1 0
github.com/oopbest/ecommerce-app/internal/user/service.go:108.2,108.32 1 0
github.com/oopbest/ecommerce-app/internal/product/handler.go:19.57,23.2 1 1
github.com/oopbest/ecommerce-app/internal/product/handler.go:26.100,34.2 5 1
github.com/oopbest/ecommerce-app/internal/product/handler.go:37.77,39.16 2 1
github.com/oopbest/ecommerce-app/internal/product/handler.go:39.16,42.3 2 0
github.com/oopbest/ecommerce-app/internal/product/handler.go:43.2,43.40 1 1
github.com/oopbest/ecommerce-app/internal/product/handler.go:47.80,49.16 2 1
github.com/oopbest/ecommerce-app/internal/product/handler.go:49.16,52.3 2 1
github.com/oopbest/ecommerce-app/internal/product/handler.go:54.2,55.16 2 1
github.com/oopbest/ecommerce-app/internal/product/handler.go:55.16,56.48 1 1
github.com/oopbest/ecommerce-app/internal/product/handler.go:56.48,59.4 2 1
github.com/oopbest/ecommerce-app/internal/product/handler.go:60.3,61.9 2 0
github.com/oopbest/ecommerce-app/internal/product/handler.go:64.2,64.39 1 1
github.com/oopbest/ecommerce-app/internal/product/handler.go:68.79,70.63 2 1
github.com/oopbest/ecommerce-app/internal/product/handler.go:70.63,73.3 2 0
github.com/oopbest/ecommerce-app/internal/product/handler.go:75.2,76.16 2 1
github.com/oopbest/ecommerce-app/internal/product/handler.go:76.16,79.3 2 0
github.com/oopbest/ecommerce-app/internal/product/handler.go:81.2,81.44 1 1
github.com/oopbest/ecommerce-app/internal/product/handler.go:85.79,87.16 2 0
github.com/oopbest/ecommerce-app/internal/product/handler.go:87.16,90.3 2 0
github.com/oopbest/ecommerce-app/internal/product/handler.go:92.2,93.63 2 0
github.com/oopbest/ecommerce-app/internal/product/handler.go:93.63,96.3 2 0
github.com/oopbest/ecommerce-app/internal/product/handler.go:98.2,99.16 2 0
github.com/oopbest/ecommerce-app/internal/product/handler.go:99.16,100.48 1 0
github.com/oopbest/ecommerce-app/internal/product/handler.go:100.48,103.4 2 0
github.com/oopbest/ecommerce-app/internal/product/handler.go:104.3,105.9 2 0
github.com/oopbest/ecommerce-app/internal/product/handler.go:108.2,108.39 1 0
github.com/oopbest/ecommerce-app/internal/product/handler.go:112.79,114.16 2 0
github.com/oopbest/ecommerce-app/internal/product/handler.go:114.16,117.3 2 0
github.com/oopbest/ecommerce-app/internal/product/handler.go:119.2,119.52 1 0
github.com/oopbest/ecommerce-app/internal/product/handler.go:119.52,120.48 1 0
github.com/oopbest/ecommerce-app/internal/product/handler.go:120.48,123.4 2 0
github.com/oopbest/ecommerce-app/internal/product/handler.go:124.3,125.9 2 0
github.com/oopbest/ecommerce-app/internal/product/handler.go:128.2,128.37 1 0
github.com/oopbest/ecommerce-app/internal/product/handler.go:135.73,139.2 3 1
github.com/oopbest/ecommerce-app/internal/product/handler.go:141.80,143.2 1 1
github.com/oopbest/ecommerce-app/internal/product/repository.go:19.55,27.2 1 0
github.com/oopbest/ecommerce-app/internal/product/repository.go:30.66,38.2 5 0
github.com/oopbest/ecommerce-app/internal/product/repository.go:41.72,45.31 3 0
github.com/oopbest/ecommerce-app/internal/product/repository.go:45.31,46.17 1 0
github.com/oopbest/ecommerce-app/internal/product/repository.go:46.17,48.4 1 0
github.com/oopbest/ecommerce-app/internal/product/repository.go:50.2,50.39 1 0
github.com/oopbest/ecommerce-app/internal/product/repository.go:54.95,70.2 6 0
github.com/oopbest/ecommerce-app/internal/product/repository.go:73.103,77.31 3 0
github.com/oopbest/ecommerce-app/internal/product/repository.go:77.31,78.17 1 0
github.com/oopbest/ecommerce-app/internal/product/repository.go:78.17,84.4 5 0
github.com/oopbest/ecommerce-app/internal/product/repository.go:86.2,86.39 1 0
github.com/oopbest/ecommerce-app/internal/product/repository.go:90.51,94.31 3 0
github.com/oopbest/ecommerce-app/internal/product/repository.go:94.31,95.17 1 0
github.com/oopbest/ecommerce-app/internal/product/repository.go:95.17,100.4 4 0
github.com/oopbest/ecommerce-app/internal/product/repository.go:102.2,102.34 1 0
github.com/oopbest/ecommerce-app/internal/product/repository_cached.go:21.120,27.2 1 0
github.com/oopbest/ecommerce-app/internal/product/repository_cached.go:30.64,38.16 5 0
github.com/oopbest/ecommerce-app/internal/product/repository_cached.go:38.16,40.71 2 0
github.com/oopbest/ecommerce-app/internal/product/repository_cached.go:40.71,43.4 2 0
github.com/oopbest/ecommerce-app/internal/product/repository_cached.go:47.2,49.16 3 0
github.com/oopbest/ecommerce-app/internal/product/repository_cached.go:49.16,51.3 1 0
github.com/oopbest/ecommerce-app/internal/product/repository_cached.go:54.2,54.53 1 0
github.com/oopbest/ecommerce-app/internal/product/repository_cached.go:54.53,56.3 1 0
github.com/oopbest/ecommerce-app/internal/product/repository_cached.go:58.2,58.22 1 0
github.com/oopbest/ecommerce-app/internal/product/repository_cached.go:62.70,70.16 5 0
github.com/oopbest/ecommerce-app/internal/product/repository_cached.go:70.16,72.64 2 0
github.com/oopbest/ecommerce-app/internal/product/repository_cached.go:72.64,75.4 2 0
github.com/oopbest/ecommerce-app/internal/product/repository_cached.go:79.2,81.16 3 0
github.com/oopbest/ecommerce-app/internal/product/repository_cached.go:81.16,83.3 1 0
github.com/oopbest/ecommerce-app/internal/product/repository_cached.go:86.2,86.52 1 0
github.com/oopbest/ecommerce-app/internal/product/repository_cached.go:86.52,88.3 1 0
github.com/oopbest/ecommerce-app/internal/product/repository_cached.go:90.2,90.21 1 0
github.com/oopbest/ecommerce-app/internal/product/repository_cached.go:94.93,96.16 2 0
github.com/oopbest/ecommerce-app/internal/product/repository_cached.go:96.16,98.3 1 0
github.com/oopbest/ecommerce-app/internal/product/repository_cached.go:101.2,102.21 2 0
github.com/oopbest/ecommerce-app/internal/product/repository_cached.go:106.101,108.16 2 0
github.com/oopbest/ecommerce-app/internal/product/repository_cached.go:108.16,110.3 1 0
github.com/oopbest/ecommerce-app/internal/product/repository_cached.go:113.2,114.21 2 0
github.com/oopbest/ecommerce-app/internal/product/repository_cached.go:118.49,119.42 1 0
github.com/oopbest/ecommerce-app/internal/product/repository_cached.go:119.42,121.3 1 0
github.com/oopbest/ecommerce-app/internal/product/repository_cached.go:123.2,124.12 2 0
github.com/oopbest/ecommerce-app/internal/product/repository_cached.go:128.60,132.25 3 0
github.com/oopbest/ecommerce-app/internal/product/repository_cached.go:132.25,135.3 2 0
github.com/oopbest/ecommerce-app/internal/product/repository_postgres.go:17.65,21.2 1 0
github.com/oopbest/ecommerce-app/internal/product/repository_postgres.go:24.66,34.16 5 0
github.com/oopbest/ecommerce-app/internal/product/repository_postgres.go:34.16,36.3 1 0
github.com/oopbest/ecommerce-app/internal/product/repository_postgres.go:37.2,40.18 3 0
github.com/oopbest/ecommerce-app/internal/product/repository_postgres.go:40.18,43.101 2 0
github.com/oopbest/ecommerce-app/internal/product/repository_postgres.go:43.101,45.4 1 0
github.com/oopbest/ecommerce-app/internal/product/repository_postgres.go:46.3,46.33 1 0
github.com/oopbest/ecommerce-app/internal/product/repository_postgres.go:49.2,49.35 1 0
github.com/oopbest/ecommerce-app/internal/product/repository_postgres.go:49.35,51.3 1 0
github.com/oopbest/ecommerce-app/internal/product/repository_postgres.go:53.2,53.22 1 0
github.com/oopbest/ecommerce-app/internal/product/repository_postgres.go:57.72,70.16 6 0
github.com/oopbest/ecommerce-app/internal/product/repository_postgres.go:70.16,71.36 1 0
github.com/oopbest/ecommerce-app/internal/product/repository_postgres.go:71.36,73.4 1 0
github.com/oopbest/ecommerce-app/internal/product/repository_postgres.go:74.3,74.18 1 0
github.com/oopbest/ecommerce-app/internal/product/repository_postgres.go:77.2,77.16 1 0
github.com/oopbest/ecommerce-app/internal/product/repository_postgres.go:81.95,100.16 10 0
github.com/oopbest/ecommerce-app/internal/product/repository_postgres.go:100.16,102.3 1 0
github.com/oopbest/ecommerce-app/internal/product/repository_postgres.go:104.2,104.16 1 0
github.com/oopbest/ecommerce-app/internal/product/repository_postgres.go:108.103,128.16 11 0
github.com/oopbest/ecommerce-app/internal/product/repository_postgres.go:128.16,129.36 1 0
github.com/oopbest/ecommerce-app/internal/product/repository_postgres.go:129.36,131.4 1 0
github.com/oopbest/ecommerce-app/internal/product/repository_postgres.go:132.3,132.18 1 0
github.com/oopbest/ecommerce-app/internal/product/repository_postgres.go:135.2,135.16 1 0
github.com/oopbest/ecommerce-app/internal/product/repository_postgres.go:139.51,145.16 5 0
github.com/oopbest/ecommerce-app/internal/product/repository_postgres.go:145.16,147.3 1 0
github.com/oopbest/ecommerce-app/internal/product/repository_postgres.go:149.2,150.16 2 0
github.com/oopbest/ecommerce-app/internal/product/repository_postgres.go:150.16,152.3 1 0
github.com/oopbest/ecommerce-app/internal/product/repository_postgres.go:153.2,153.23 1 0
github.com/oopbest/ecommerce-app/internal/product/repository_postgres.go:153.23,155.3 1 0
github.com/oopbest/ecommerce-app/internal/product/repository_postgres.go:157.2,157.12 1 0
github.com/oopbest/ecommerce-app/internal/product/service.go:16.70,20.2 1 1
github.com/oopbest/ecommerce-app/internal/product/service.go:23.62,25.2 1 0
github.com/oopbest/ecommerce-app/internal/product/service.go:28.67,29.13 1 1
github.com/oopbest/ecommerce-app/internal/product/service.go:29.13,31.3 1 1
github.com/oopbest/ecommerce-app/internal/product/service.go:32.2,32.28 1 1
github.com/oopbest/ecommerce-app/internal/product/service.go:36.91,37.41 1 1
github.com/oopbest/ecommerce-app/internal/product/service.go:37.41,39.3 1 1
github.com/oopbest/ecommerce-app/internal/product/service.go:40.2,40.22 1 1
github.com/oopbest/ecommerce-app/internal/product/service.go:40.22,42.3 1 1
github.com/oopbest/ecommerce-app/internal/product/service.go:43.2,43.21 1 1
github.com/oopbest/ecommerce-app/internal/product/service.go:43.21,45.3 1 1
github.com/oopbest/ecommerce-app/internal/product/service.go:47.2,47.29 1 1
github.com/oopbest/ecommerce-app/internal/product/service.go:51.99,52.13 1 0
github.com/oopbest/ecommerce-app/internal/product/service.go:52.13,54.3 1 0
github.com/oopbest/ecommerce-app/internal/product/service.go:55.2,55.41 1 0
github.com/oopbest/ecommerce-app/internal/product/service.go:55.41,57.3 1 0
github.com/oopbest/ecommerce-app/internal/product/service.go:58.2,58.22 1 0
github.com/oopbest/ecommerce-app/internal/product/service.go:58.22,60.3 1 0
github.com/oopbest/ecommerce-app/internal/product/service.go:61.2,61.21 1 0
github.com/oopbest/ecommerce-app/internal/product/service.go:61.21,63.3 1 0
github.com/oopbest/ecommerce-app/internal/product/service.go:65.2,65.33 1 0
github.com/oopbest/ecommerce-app/internal/product/service.go:69.47,70.13 1 0
github.com/oopbest/ecommerce-app/internal/product/service.go:70.13,72.3 1 0
github.com/oopbest/ecommerce-app/internal/product/service.go:73.2,73.26 1 0
github.com/oopbest/ecommerce-app/pkg/security/jwt.go:19.103,33.2 3 1
github.com/oopbest/ecommerce-app/pkg/security/jwt.go:36.74,37.110 1 1
github.com/oopbest/ecommerce-app/pkg/security/jwt.go:37.110,39.58 1 1
github.com/oopbest/ecommerce-app/pkg/security/jwt.go:39.58,41.4 1 0
github.com/oopbest/ecommerce-app/pkg/security/jwt.go:42.3,42.32 1 1
github.com/oopbest/ecommerce-app/pkg/security/jwt.go:45.2,45.16 1 1
github.com/oopbest/ecommerce-app/pkg/security/jwt.go:45.16,47.3 1 1
github.com/oopbest/ecommerce-app/pkg/security/jwt.go:49.2,49.67 1 1
github.com/oopbest/ecommerce-app/pkg/security/jwt.go:49.67,51.3 1 1
github.com/oopbest/ecommerce-app/pkg/security/jwt.go:53.2,53.41 1 0
github.com/oopbest/ecommerce-app/pkg/security/password.go:6.52,8.16 2 1
github.com/oopbest/ecommerce-app/pkg/security/password.go:8.16,10.3 1 0
github.com/oopbest/ecommerce-app/pkg/security/password.go:11.2,11.27 1 1
github.com/oopbest/ecommerce-app/pkg/security/password.go:15.52,18.2 2 1
